C51 COMPILER V9.60.0.0   PCA                                                               05/27/2020 14:11:29 PAGE 1   


C51 COMPILER V9.60.0.0, COMPILATION OF MODULE PCA
OBJECT MODULE PLACED IN ..\hex\pca.obj
COMPILER INVOKED BY: C:\Keil_v5\C51\BIN\C51.EXE ..\user\pca.c LARGE OPTIMIZE(8,SPEED) BROWSE INCDIR(..\user) DEBUG OBJEC
                    -TEXTEND PRINT(.\LIST\pca.lst) TABS(2) OBJECT(..\hex\pca.obj)

line level    source

   1          /*                        -- 渡河蚂蚁电子工作室 --                        */
   2          /*
   3          *   说    明: CS1180驱动
   4          *   开发平台: STC15W408S     
   5          *   淘宝网店: 
   6          *
   7          //  文件名：config.h                                                              
   8          //  说明：供客户测试单片机的各项基本功能                                                                 
   9          //  编写人员：Duhemayi                                                                   
  10          //  编写日期：2018-09-16                                                               
  11          //  程序维护：
  12          //  维护记录：
  13          //  版    本: V1.0
  14          //                                                          
  15          // 免责声明：该程序仅用于学习与交流 
  16          // (c) Duhemayi Corporation. All rights reserved.     
  17          ******************************************************************************/
  18          //测试工作频率为11.0592MHz
  19          #include "pca.h"
  20          
  21          unsigned char cnt;                              //存储PCA计时溢出次数
  22          unsigned long count0;                           //记录上一次的捕获值
  23          unsigned long count1;                           //记录本次的捕获值
  24          unsigned long length;                           //存储信号的时间长度
  25          
  26          /******************************************************************************/
  27          // 函数名称：void PCA_INIT(void) 
  28          // 输入参数： 
  29          // 输出参数： 
  30          // 函数功能：
  31          // 备    注：测量脉冲的宽度 ，测量50HZ 25HZ 500HZ 123HZ 5KHZ还是很准确的
  32          /******************************************************************************/
  33          void PCA_INIT(void)
  34          {
  35   1          cnt = 0;                                    //用户变量初始化
  36   1          count0 = 0;
  37   1          count1 = 0;
  38   1          length = 0;
  39   1          CCON = 0x00;                //清PCA中断溢出标志位，停止计数，清模块中断溢出标志位
  40   1          CMOD = 0x09;                                //PCA时钟为系统时钟,使能PCA计时中断
  41   1          CL = 0x00;
  42   1          CH = 0x00;
  43   1      //    CCAPM0 = 0x11;                              //PCA模块0为16位捕获模式（下降沿捕获）
  44   1          CCAPM0 = 0x21;                              //PCA模块0为16位捕获模式（上升沿捕获）
  45   1      //    CCAPM0 = 0x31;                              //PCA模块0为16位捕获模式（上升沿下降沿捕获）
  46   1          CCAP0L = 0x00;
  47   1          CCAP0H = 0x00;
  48   1          CR = 1;                                     //启动PCA计时器
  49   1          EA = 1;
  50   1      }
  51          /*脉冲宽度的算法：
  52          (65536*cnt+CCAP0H:CCAP0L)/11059200 = 脉冲宽度
  53          */
  54          void PCA_Isr() interrupt 7 using 1
C51 COMPILER V9.60.0.0   PCA                                                               05/27/2020 14:11:29 PAGE 2   

  55          {
  56   1          if (CF)                   //PCA计数器溢出中断
  57   1          {
  58   2              CF = 0;
  59   2              cnt++;                                  //PCA计时溢出次数+1
  60   2          }
  61   1          if (CCF0)                 //PCA模块溢出中断
  62   1          {
  63   2              CCF0 = 0;
  64   2              count0 = count1;                        //备份上一次的捕获值
  65   2              ((unsigned char *)&count1)[3] = CCAP0L;
  66   2              ((unsigned char *)&count1)[2] = CCAP0H;
  67   2              ((unsigned char *)&count1)[1] = cnt;
  68   2              ((unsigned char *)&count1)[0] = 0;
  69   2              length = count1 - count0;              //length保存的即为捕获的脉冲宽度
  70   2          }
  71   1      }


MODULE INFORMATION:   STATIC OVERLAYABLE
   CODE SIZE        =    247    ----
   CONSTANT SIZE    =   ----    ----
   XDATA SIZE       =     13       4
   PDATA SIZE       =   ----    ----
   DATA SIZE        =   ----    ----
   IDATA SIZE       =   ----    ----
   BIT SIZE         =   ----    ----
END OF MODULE INFORMATION.


C51 COMPILATION COMPLETE.  0 WARNING(S),  0 ERROR(S)
